/home/dean/fiper_uncertainty_collection/external/fiper/shared_utils/hydra_utils.py:38: UserWarning: 
The version_base parameter is not specified.
Please specify a compatability version level, or None.
Will assume defaults for version 1.1
  initialize_config_dir(config_dir=base_config_dir, job_name="init")
[eval] seed=0
[eval] seed=1
[eval] seed=2
[eval] seed=42
[eval] seed=43
WROTE /home/dean/fiper_uncertainty_collection/experiments/official_fiper_goal_object_ood_ablation_20260625/threshold_sweep_ood180_cap300_20260629/official_fiper_ood180_cap300_threshold_sweep.csv
WROTE /home/dean/fiper_uncertainty_collection/experiments/official_fiper_goal_object_ood_ablation_20260625/threshold_sweep_ood180_cap300_20260629/OFFICIAL_FIPER_OOD180_CAP300_THRESHOLD_SWEEP_20260629.md
            Method            Policy  Threshold  Success FA  Failure Det     Det@10     Det@25     Det@50  Mean Time      Never
           entropy             any_1       1.00  100.000000   100.000000  81.081081 100.000000 100.000000   0.096847   0.000000
           entropy          any_1.25       1.25  100.000000   100.000000  37.837838 100.000000 100.000000   0.126126   0.000000
           entropy           any_1.5       1.50  100.000000   100.000000  16.216216  91.891892 100.000000   0.159640   0.000000
           entropy             any_2       2.00   85.314685    91.891892   0.000000  56.756757  91.891892   0.263333   8.108108
           entropy             any_3       3.00    0.000000     0.000000   0.000000   0.000000   0.000000   1.000000 100.000000
           entropy             any_5       5.00    0.000000     0.000000   0.000000   0.000000   0.000000   1.000000 100.000000
           entropy            any_10      10.00    0.000000     0.000000   0.000000   0.000000   0.000000   1.000000 100.000000
           entropy            any_20      20.00    0.000000     0.000000   0.000000   0.000000   0.000000   1.000000 100.000000
           entropy            any_50      50.00    0.000000     0.000000   0.000000   0.000000   0.000000   1.000000 100.000000
           entropy           any_100     100.00    0.000000     0.000000   0.000000   0.000000   0.000000   1.000000 100.000000
           entropy mass_above_1_0.15       0.15  100.000000   100.000000  72.972973 100.000000 100.000000   0.108018   0.000000
           entropy  mass_above_1_0.5       0.50  100.000000   100.000000  45.945946 100.000000 100.000000   0.120000   0.000000
           entropy    mass_above_1_1       1.00  100.000000   100.000000  37.837838 100.000000 100.000000   0.126847   0.000000
           entropy    mass_above_1_2       2.00  100.000000   100.000000  18.918919  97.297297 100.000000   0.137027   0.000000
           entropy    mass_above_1_5       5.00  100.000000   100.000000   0.000000  91.891892 100.000000   0.158198   0.000000
           entropy   mass_above_1_10      10.00  100.000000   100.000000   0.000000  86.486486 100.000000   0.186757   0.000000
           entropy   mass_above_1_20      20.00  100.000000   100.000000   0.000000  72.972973 100.000000   0.233333   0.000000
           entropy   mass_above_1_50      50.00   61.538462   100.000000   0.000000   8.108108 100.000000   0.328018   0.000000
           entropy  mass_above_1_100     100.00   16.783217   100.000000   0.000000   0.000000  78.378378   0.452973   0.000000
           entropy  mass_above_1_200     200.00    0.000000    91.891892   0.000000   0.000000   0.000000   0.637745   8.108108
            rnd_oe             any_1       1.00  100.000000   100.000000 100.000000 100.000000 100.000000   0.003333   0.000000
            rnd_oe          any_1.25       1.25  100.000000   100.000000 100.000000 100.000000 100.000000   0.003333   0.000000
            rnd_oe           any_1.5       1.50  100.000000   100.000000 100.000000 100.000000 100.000000   0.025405   0.000000
            rnd_oe             any_2       2.00  100.000000   100.000000 100.000000 100.000000 100.000000   0.086667   0.000000
            rnd_oe             any_3       3.00  100.000000   100.000000  14.594595 100.000000 100.000000   0.107153   0.000000
            rnd_oe             any_5       5.00    5.174825     7.027027   0.000000   7.027027   7.027027   0.832000  92.972973
            rnd_oe            any_10      10.00    0.000000     0.000000   0.000000   0.000000   0.000000   1.000000 100.000000
            rnd_oe            any_20      20.00    0.000000     0.000000   0.000000   0.000000   0.000000   1.000000 100.000000
            rnd_oe            any_50      50.00    0.000000     0.000000   0.000000   0.000000   0.000000   1.000000 100.000000
            rnd_oe           any_100     100.00    0.000000     0.000000   0.000000   0.000000   0.000000   1.000000 100.000000
            rnd_oe mass_above_1_0.15       0.15  100.000000   100.000000 100.000000 100.000000 100.000000   0.003333   0.000000
            rnd_oe  mass_above_1_0.5       0.50  100.000000   100.000000 100.000000 100.000000 100.000000   0.004216   0.000000
            rnd_oe    mass_above_1_1       1.00  100.000000   100.000000 100.000000 100.000000 100.000000   0.008198   0.000000
            rnd_oe    mass_above_1_2       2.00  100.000000   100.000000 100.000000 100.000000 100.000000   0.022036   0.000000
            rnd_oe    mass_above_1_5       5.00  100.000000   100.000000 100.000000 100.000000 100.000000   0.069784   0.000000
            rnd_oe   mass_above_1_10      10.00  100.000000   100.000000 100.000000 100.000000 100.000000   0.093477   0.000000
            rnd_oe   mass_above_1_20      20.00  100.000000   100.000000   0.000000 100.000000 100.000000   0.110829   0.000000
            rnd_oe   mass_above_1_50      50.00  100.000000   100.000000   0.000000 100.000000 100.000000   0.148126   0.000000
            rnd_oe  mass_above_1_100     100.00  100.000000   100.000000   0.000000 100.000000 100.000000   0.195568   0.000000
            rnd_oe  mass_above_1_200     200.00   85.034965   100.000000   0.000000   0.000000 100.000000   0.290108   0.000000
rnd_oe_and_entropy             any_1       1.00  100.000000   100.000000  27.027027  97.297297 100.000000   0.136757   0.000000
rnd_oe_and_entropy          any_1.25       1.25   98.601399    94.594595   0.000000  72.972973  91.891892   0.248381   5.405405
rnd_oe_and_entropy           any_1.5       1.50   51.048951    91.891892   0.000000  21.621622  78.378378   0.323529   8.108108
rnd_oe_and_entropy             any_2       2.00    0.000000     0.000000   0.000000   0.000000   0.000000   1.000000 100.000000
rnd_oe_and_entropy             any_3       3.00    0.000000     0.000000   0.000000   0.000000   0.000000   1.000000 100.000000
rnd_oe_and_entropy             any_5       5.00    0.000000     0.000000   0.000000   0.000000   0.000000   1.000000 100.000000
rnd_oe_and_entropy            any_10      10.00    0.000000     0.000000   0.000000   0.000000   0.000000   1.000000 100.000000
rnd_oe_and_entropy            any_20      20.00    0.000000     0.000000   0.000000   0.000000   0.000000   1.000000 100.000000
rnd_oe_and_entropy            any_50      50.00    0.000000     0.000000   0.000000   0.000000   0.000000   1.000000 100.000000
rnd_oe_and_entropy           any_100     100.00    0.000000     0.000000   0.000000   0.000000   0.000000   1.000000 100.000000
rnd_oe_and_entropy mass_above_1_0.15       0.15  100.000000   100.000000  13.513514  91.891892 100.000000   0.162072   0.000000
rnd_oe_and_entropy  mass_above_1_0.5       0.50  100.000000   100.000000   8.108108  91.891892 100.000000   0.173874   0.000000
rnd_oe_and_entropy    mass_above_1_1       1.00  100.000000   100.000000   5.405405  89.189189 100.000000   0.190000   0.000000
rnd_oe_and_entropy    mass_above_1_2       2.00  100.000000   100.000000   0.000000  78.378378 100.000000   0.223423   0.000000
rnd_oe_and_entropy    mass_above_1_5       5.00   91.608392   100.000000   0.000000  56.756757  94.594595   0.289189   0.000000
rnd_oe_and_entropy   mass_above_1_10      10.00   72.727273    97.297297   0.000000  16.216216  89.189189   0.325000   2.702703
rnd_oe_and_entropy   mass_above_1_20      20.00   28.671329    91.891892   0.000000   2.702703  78.378378   0.364902   8.108108
rnd_oe_and_entropy   mass_above_1_50      50.00    2.797203    91.891892   0.000000   0.000000  59.459459   0.517843   8.108108
rnd_oe_and_entropy  mass_above_1_100     100.00    0.000000    78.378378   0.000000   0.000000   0.000000   0.701264  21.621622
rnd_oe_and_entropy  mass_above_1_200     200.00    0.000000     0.000000   0.000000   0.000000   0.000000   1.000000 100.000000
