/home/dean/fiper_uncertainty_collection/external/fiper/shared_utils/hydra_utils.py:38: UserWarning: 
The version_base parameter is not specified.
Please specify a compatability version level, or None.
Will assume defaults for version 1.1
  initialize_config_dir(config_dir=base_config_dir, job_name="init")
[eval] seed=0
[eval] seed=1
[eval] seed=2
[eval] seed=42
[eval] seed=43
WROTE /home/dean/fiper_uncertainty_collection/experiments/official_fiper_goal_object_ood_ablation_20260625/threshold_sweep_ood180_20260629/official_fiper_ood180_threshold_sweep.csv
WROTE /home/dean/fiper_uncertainty_collection/experiments/official_fiper_goal_object_ood_ablation_20260625/threshold_sweep_ood180_20260629/OFFICIAL_FIPER_OOD180_THRESHOLD_SWEEP_20260629.md
            Method            Policy  Threshold  Success FA  Failure Det     Det@10     Det@25     Det@50  Mean Time      Never
           entropy             any_1       1.00  100.000000   100.000000 100.000000 100.000000 100.000000   0.036492   0.000000
           entropy          any_1.25       1.25  100.000000   100.000000 100.000000 100.000000 100.000000   0.046613   0.000000
           entropy           any_1.5       1.50  100.000000   100.000000  93.548387 100.000000 100.000000   0.060806   0.000000
           entropy             any_2       2.00   85.906040   100.000000  70.967742  96.774194  96.774194   0.123710   0.000000
           entropy             any_3       3.00    0.000000     3.225806   0.000000   0.000000   0.000000   0.641250  96.774194
           entropy             any_5       5.00    0.000000     0.000000   0.000000   0.000000   0.000000   1.000000 100.000000
           entropy            any_10      10.00    0.000000     0.000000   0.000000   0.000000   0.000000   1.000000 100.000000
           entropy            any_20      20.00    0.000000     0.000000   0.000000   0.000000   0.000000   1.000000 100.000000
           entropy            any_50      50.00    0.000000     0.000000   0.000000   0.000000   0.000000   1.000000 100.000000
           entropy           any_100     100.00    0.000000     0.000000   0.000000   0.000000   0.000000   1.000000 100.000000
           entropy mass_above_1_0.15       0.15  100.000000   100.000000 100.000000 100.000000 100.000000   0.041210   0.000000
           entropy  mass_above_1_0.5       0.50  100.000000   100.000000 100.000000 100.000000 100.000000   0.044879   0.000000
           entropy    mass_above_1_1       1.00  100.000000   100.000000 100.000000 100.000000 100.000000   0.047258   0.000000
           entropy    mass_above_1_2       2.00  100.000000   100.000000 100.000000 100.000000 100.000000   0.050766   0.000000
           entropy    mass_above_1_5       5.00  100.000000   100.000000  96.774194 100.000000 100.000000   0.059032   0.000000
           entropy   mass_above_1_10      10.00  100.000000   100.000000  93.548387 100.000000 100.000000   0.069798   0.000000
           entropy   mass_above_1_20      20.00  100.000000   100.000000  74.193548 100.000000 100.000000   0.087460   0.000000
           entropy   mass_above_1_50      50.00   63.087248   100.000000   9.677419 100.000000 100.000000   0.122661   0.000000
           entropy  mass_above_1_100     100.00   20.134228   100.000000   0.000000  96.774194 100.000000   0.167702   0.000000
           entropy  mass_above_1_200     200.00    4.026846   100.000000   0.000000  70.967742 100.000000   0.246532   0.000000
            rnd_oe             any_1       1.00  100.000000   100.000000 100.000000 100.000000 100.000000   0.001250   0.000000
            rnd_oe          any_1.25       1.25  100.000000   100.000000 100.000000 100.000000 100.000000   0.001250   0.000000
            rnd_oe           any_1.5       1.50  100.000000   100.000000 100.000000 100.000000 100.000000   0.009516   0.000000
            rnd_oe             any_2       2.00  100.000000   100.000000 100.000000 100.000000 100.000000   0.032500   0.000000
            rnd_oe             any_3       3.00  100.000000   100.000000 100.000000 100.000000 100.000000   0.040202   0.000000
            rnd_oe             any_5       5.00    5.369128     6.451613   6.451613   6.451613   6.451613   0.812000  93.548387
            rnd_oe            any_10      10.00    0.000000     0.000000   0.000000   0.000000   0.000000   1.000000 100.000000
            rnd_oe            any_20      20.00    0.000000     0.000000   0.000000   0.000000   0.000000   1.000000 100.000000
            rnd_oe            any_50      50.00    0.000000     0.000000   0.000000   0.000000   0.000000   1.000000 100.000000
            rnd_oe           any_100     100.00    0.000000     0.000000   0.000000   0.000000   0.000000   1.000000 100.000000
            rnd_oe mass_above_1_0.15       0.15  100.000000   100.000000 100.000000 100.000000 100.000000   0.001250   0.000000
            rnd_oe  mass_above_1_0.5       0.50  100.000000   100.000000 100.000000 100.000000 100.000000   0.001581   0.000000
            rnd_oe    mass_above_1_1       1.00  100.000000   100.000000 100.000000 100.000000 100.000000   0.003065   0.000000
            rnd_oe    mass_above_1_2       2.00  100.000000   100.000000 100.000000 100.000000 100.000000   0.008266   0.000000
            rnd_oe    mass_above_1_5       5.00  100.000000   100.000000 100.000000 100.000000 100.000000   0.026226   0.000000
            rnd_oe   mass_above_1_10      10.00  100.000000   100.000000 100.000000 100.000000 100.000000   0.035081   0.000000
            rnd_oe   mass_above_1_20      20.00  100.000000   100.000000 100.000000 100.000000 100.000000   0.041573   0.000000
            rnd_oe   mass_above_1_50      50.00  100.000000   100.000000 100.000000 100.000000 100.000000   0.055573   0.000000
            rnd_oe  mass_above_1_100     100.00  100.000000   100.000000 100.000000 100.000000 100.000000   0.073355   0.000000
            rnd_oe  mass_above_1_200     200.00   85.637584   100.000000   6.451613 100.000000 100.000000   0.108863   0.000000
rnd_oe_and_entropy             any_1       1.00  100.000000   100.000000  96.774194 100.000000 100.000000   0.050887   0.000000
rnd_oe_and_entropy          any_1.25       1.25   98.657718   100.000000  77.419355  96.774194  96.774194   0.110121   0.000000
rnd_oe_and_entropy           any_1.5       1.50   53.020134   100.000000  51.612903  90.322581  96.774194   0.152379   0.000000
rnd_oe_and_entropy             any_2       2.00    0.000000     0.000000   0.000000   0.000000   0.000000   1.000000 100.000000
rnd_oe_and_entropy             any_3       3.00    0.000000     0.000000   0.000000   0.000000   0.000000   1.000000 100.000000
rnd_oe_and_entropy             any_5       5.00    0.000000     0.000000   0.000000   0.000000   0.000000   1.000000 100.000000
rnd_oe_and_entropy            any_10      10.00    0.000000     0.000000   0.000000   0.000000   0.000000   1.000000 100.000000
rnd_oe_and_entropy            any_20      20.00    0.000000     0.000000   0.000000   0.000000   0.000000   1.000000 100.000000
rnd_oe_and_entropy            any_50      50.00    0.000000     0.000000   0.000000   0.000000   0.000000   1.000000 100.000000
rnd_oe_and_entropy           any_100     100.00    0.000000     0.000000   0.000000   0.000000   0.000000   1.000000 100.000000
rnd_oe_and_entropy mass_above_1_0.15       0.15  100.000000   100.000000  93.548387 100.000000 100.000000   0.061694   0.000000
rnd_oe_and_entropy  mass_above_1_0.5       0.50  100.000000   100.000000  93.548387 100.000000 100.000000   0.066290   0.000000
rnd_oe_and_entropy    mass_above_1_1       1.00  100.000000   100.000000  90.322581 100.000000 100.000000   0.072016   0.000000
rnd_oe_and_entropy    mass_above_1_2       2.00  100.000000   100.000000  87.096774 100.000000 100.000000   0.080726   0.000000
rnd_oe_and_entropy    mass_above_1_5       5.00   91.946309   100.000000  74.193548  96.774194 100.000000   0.104113   0.000000
rnd_oe_and_entropy   mass_above_1_10      10.00   73.825503   100.000000  29.032258  96.774194 100.000000   0.124355   0.000000
rnd_oe_and_entropy   mass_above_1_20      20.00   31.543624   100.000000   3.225806  96.774194  96.774194   0.152460   0.000000
rnd_oe_and_entropy   mass_above_1_50      50.00    6.040268   100.000000   0.000000  80.645161  96.774194   0.220645   0.000000
rnd_oe_and_entropy  mass_above_1_100     100.00    2.684564    96.774194   0.000000  38.709677  96.774194   0.287833   3.225806
rnd_oe_and_entropy  mass_above_1_200     200.00    2.013423    96.774194   0.000000   0.000000  70.967742   0.469208   3.225806
