[robosuite WARNING] No private macro file found! (__init__.py:7)
[robosuite WARNING] It is recommended to use a private macro file (__init__.py:8)
[robosuite WARNING] To setup, run: python /tmp/bob_site_packages/robosuite/scripts/setup_macros.py (__init__.py:9)
Gym has been unmaintained since 2022 and does not support NumPy 2.0 amongst other critical functionality.
Please upgrade to Gymnasium, the maintained drop-in replacement of Gym, or contact the authors of your software and request that they upgrade.
Users of this version of Gym should be able to simply replace 'import gym' with 'import gymnasium as gym' in the vast majority of cases.
See the migration guide at https://gymnasium.farama.org/introduction/migration_guide/ for additional information.
Traceback (most recent call last):
  File "/tmp/bob_site_packages/transformers/utils/hub.py", line 424, in cached_files
    hf_hub_download(
  File "/tmp/bob_site_packages/huggingface_hub/utils/_validators.py", line 106, in _inner_fn
    validate_repo_id(arg_value)
  File "/tmp/bob_site_packages/huggingface_hub/utils/_validators.py", line 154, in validate_repo_id
    raise HFValidationError(
huggingface_hub.errors.HFValidationError: Repo id must be in the form 'repo_name' or 'namespace/repo_name': '/tmp/bob_src/intern_ship_ws/outputs/runs/simvla_libero_uncertainty/ckpt-60000'. Use `repo_type` argument if needed.

During handling of the above exception, another exception occurred:

Traceback (most recent call last):
  File "/tmp/bob_site_packages/transformers/configuration_utils.py", line 649, in _get_config_dict
    resolved_config_file = cached_file(
  File "/tmp/bob_site_packages/transformers/utils/hub.py", line 266, in cached_file
    file = cached_files(path_or_repo_id=path_or_repo_id, filenames=[filename], **kwargs)
  File "/tmp/bob_site_packages/transformers/utils/hub.py", line 470, in cached_files
    resolved_files = [
  File "/tmp/bob_site_packages/transformers/utils/hub.py", line 471, in <listcomp>
    _get_cache_file_to_return(path_or_repo_id, filename, cache_dir, revision) for filename in full_filenames
  File "/tmp/bob_site_packages/transformers/utils/hub.py", line 134, in _get_cache_file_to_return
    resolved_file = try_to_load_from_cache(path_or_repo_id, full_filename, cache_dir=cache_dir, revision=revision)
  File "/tmp/bob_site_packages/huggingface_hub/utils/_validators.py", line 106, in _inner_fn
    validate_repo_id(arg_value)
  File "/tmp/bob_site_packages/huggingface_hub/utils/_validators.py", line 154, in validate_repo_id
    raise HFValidationError(
huggingface_hub.errors.HFValidationError: Repo id must be in the form 'repo_name' or 'namespace/repo_name': '/tmp/bob_src/intern_ship_ws/outputs/runs/simvla_libero_uncertainty/ckpt-60000'. Use `repo_type` argument if needed.

During handling of the above exception, another exception occurred:

Traceback (most recent call last):
  File "/usr/lib/python3.10/runpy.py", line 196, in _run_module_as_main
    return _run_code(code, main_globals, None,
  File "/usr/lib/python3.10/runpy.py", line 86, in _run_code
    exec(code, run_globals)
  File "/media/rootalkhatib/My Passport/reda_ws/asynchvla_ws/src/data_collection_stage9/collect_fiper_receding_all_outcomes_v2.py", line 242, in <module>
    main()
  File "/media/rootalkhatib/My Passport/reda_ws/asynchvla_ws/src/data_collection_stage9/collect_fiper_receding_all_outcomes_v2.py", line 238, in main
    collect(args)
  File "/media/rootalkhatib/My Passport/reda_ws/asynchvla_ws/src/data_collection_stage9/collect_fiper_receding_all_outcomes_v2.py", line 70, in collect
    model, proc, device = load_simvla()
  File "/media/rootalkhatib/My Passport/reda_ws/asynchvla_ws/src/data_collection_stage9/simvla_candidate_sampler.py", line 20, in load_simvla
    cfg = SmolVLMVLAConfig.from_pretrained(str(ckpt)); cfg.smolvlm_model_path = str(smolvlm)
  File "/tmp/bob_site_packages/transformers/configuration_utils.py", line 550, in from_pretrained
    config_dict, kwargs = cls.get_config_dict(pretrained_model_name_or_path, **kwargs)
  File "/tmp/bob_site_packages/transformers/configuration_utils.py", line 590, in get_config_dict
    config_dict, kwargs = cls._get_config_dict(pretrained_model_name_or_path, **kwargs)
  File "/tmp/bob_site_packages/transformers/configuration_utils.py", line 672, in _get_config_dict
    raise OSError(
OSError: Can't load the configuration of '/tmp/bob_src/intern_ship_ws/outputs/runs/simvla_libero_uncertainty/ckpt-60000'. If you were trying to load it from 'https://huggingface.co/models', make sure you don't have a local directory with the same name. Otherwise, make sure '/tmp/bob_src/intern_ship_ws/outputs/runs/simvla_libero_uncertainty/ckpt-60000' is the correct path to a directory containing a config.json file
