=== LIBERO-PRO full === 2026-06-04T10:08:50+02:00
rsync: [generator] symlink "/media/rootalkhatib/My Passport/reda_ws/intern_ship_ws/assets/repos/LIBERO-PRO/libero/libero/bddl_files/libero_10_env" -> "/home/redafrix/LIBERO-PRO/libero/libero/bddl_files/libero_10_temp" failed: Operation not permitted (1)
rsync: [generator] symlink "/media/rootalkhatib/My Passport/reda_ws/intern_ship_ws/assets/repos/LIBERO-PRO/libero/libero/init_files/libero_10_env" -> "/home/redafrix/LIBERO-PRO/libero/libero/init_files/libero_10_temp" failed: Operation not permitted (1)
rsync error: some files/attrs were not transferred (see previous errors) (code 23) at main.c(1878) [generator=3.2.7]
=== LIBERO-PRO full copy-links === 2026-06-04T10:15:31+02:00
=== SimVLA runtime source selected === 2026-06-04T10:15:32+02:00
rsync: [generator] symlink "/media/rootalkhatib/My Passport/reda_ws/intern_ship_ws/simvla/code/SimVLA_modified/datasets/metas/libero_10" -> "/home/redafrix/LIBERO/libero/datasets/libero_10" failed: Operation not permitted (1)
rsync: [generator] symlink "/media/rootalkhatib/My Passport/reda_ws/intern_ship_ws/simvla/code/SimVLA_modified/datasets/metas/libero_90" -> "/home/redafrix/LIBERO/libero/datasets/libero_90" failed: Operation not permitted (1)
rsync: [generator] symlink "/media/rootalkhatib/My Passport/reda_ws/intern_ship_ws/simvla/code/SimVLA_modified/datasets/metas/libero_goal" -> "/home/redafrix/LIBERO/libero/datasets/libero_goal" failed: Operation not permitted (1)
rsync: [generator] symlink "/media/rootalkhatib/My Passport/reda_ws/intern_ship_ws/simvla/code/SimVLA_modified/datasets/metas/libero_object" -> "/home/redafrix/LIBERO/libero/datasets/libero_object" failed: Operation not permitted (1)
rsync: [generator] symlink "/media/rootalkhatib/My Passport/reda_ws/intern_ship_ws/simvla/code/SimVLA_modified/datasets/metas/libero_spatial" -> "/home/redafrix/LIBERO/libero/datasets/libero_spatial" failed: Operation not permitted (1)
rsync: [generator] symlink "/media/rootalkhatib/My Passport/reda_ws/intern_ship_ws/simvla/code/SimVLA_modified/tdqc/code/smolvla_phase2/datasets/metas/libero_10" -> "/home/redafrix/LIBERO/libero/datasets/libero_10" failed: Operation not permitted (1)
rsync: [generator] symlink "/media/rootalkhatib/My Passport/reda_ws/intern_ship_ws/simvla/code/SimVLA_modified/tdqc/code/smolvla_phase2/datasets/metas/libero_90" -> "/home/redafrix/LIBERO/libero/datasets/libero_90" failed: Operation not permitted (1)
rsync: [generator] symlink "/media/rootalkhatib/My Passport/reda_ws/intern_ship_ws/simvla/code/SimVLA_modified/tdqc/code/smolvla_phase2/datasets/metas/libero_goal" -> "/home/redafrix/LIBERO/libero/datasets/libero_goal" failed: Operation not permitted (1)
rsync: [generator] symlink "/media/rootalkhatib/My Passport/reda_ws/intern_ship_ws/simvla/code/SimVLA_modified/tdqc/code/smolvla_phase2/datasets/metas/libero_object" -> "/home/redafrix/LIBERO/libero/datasets/libero_object" failed: Operation not permitted (1)
rsync: [generator] symlink "/media/rootalkhatib/My Passport/reda_ws/intern_ship_ws/simvla/code/SimVLA_modified/tdqc/code/smolvla_phase2/datasets/metas/libero_spatial" -> "/home/redafrix/LIBERO/libero/datasets/libero_spatial" failed: Operation not permitted (1)
rsync error: some files/attrs were not transferred (see previous errors) (code 23) at main.c(1878) [generator=3.2.7]
=== SimVLA runtime source selected excluding broken dataset symlinks === 2026-06-04T10:17:07+02:00
=== checkpoint ckpt-60000 === 2026-06-04T10:17:07+02:00
=== SmolVLM snapshot follow symlinks === 2026-06-04T10:36:07+02:00
=== runtime scripts === 2026-06-04T10:42:06+02:00
=== current risk models === 2026-06-04T10:42:07+02:00
=== training split all_tasks_full === 2026-06-04T10:42:11+02:00
=== training split ood_last2 === 2026-06-04T10:42:13+02:00
SYNC_DONE 2026-06-04T10:42:16+02:00
