Using device: cuda:0
Creating stratified splits on the 1,891 episodes...
Splits saved: Train=1314, Val=277, Test=299
Extracting features (max_fail_steps=800)...

--- Training 800-Step Model (pos_weight=1.00) ---
Epoch 1/15 - Train Loss: 0.1031, Val AUROC: 0.9857
Epoch 2/15 - Train Loss: 0.0748, Val AUROC: 0.9873
Epoch 3/15 - Train Loss: 0.0729, Val AUROC: 0.9865
Epoch 4/15 - Train Loss: 0.0664, Val AUROC: 0.9919
Epoch 5/15 - Train Loss: 0.0621, Val AUROC: 0.9911
Epoch 6/15 - Train Loss: 0.0641, Val AUROC: 0.9880
Epoch 7/15 - Train Loss: 0.0623, Val AUROC: 0.9892
Epoch 8/15 - Train Loss: 0.0604, Val AUROC: 0.9894
Epoch 9/15 - Train Loss: 0.0569, Val AUROC: 0.9905
Early stopping triggered at epoch 9.
Extracting features (max_fail_steps=300)...

--- Training 300-Step Model (pos_weight=1.00) ---
Epoch 1/15 - Train Loss: 0.2128, Val AUROC: 0.9739
Epoch 2/15 - Train Loss: 0.1547, Val AUROC: 0.9771
Epoch 3/15 - Train Loss: 0.1360, Val AUROC: 0.9833
Epoch 4/15 - Train Loss: 0.1258, Val AUROC: 0.9843
Epoch 5/15 - Train Loss: 0.1179, Val AUROC: 0.9862
Epoch 6/15 - Train Loss: 0.1197, Val AUROC: 0.9818
Epoch 7/15 - Train Loss: 0.1128, Val AUROC: 0.9866
Epoch 8/15 - Train Loss: 0.1090, Val AUROC: 0.9862
Epoch 9/15 - Train Loss: 0.1041, Val AUROC: 0.9859
Epoch 10/15 - Train Loss: 0.1120, Val AUROC: 0.9856
Epoch 11/15 - Train Loss: 0.1035, Val AUROC: 0.9888
Epoch 12/15 - Train Loss: 0.1011, Val AUROC: 0.9879
Epoch 13/15 - Train Loss: 0.0915, Val AUROC: 0.9910
Epoch 14/15 - Train Loss: 0.0923, Val AUROC: 0.9891
Epoch 15/15 - Train Loss: 0.0887, Val AUROC: 0.9902

Saved comparison report to /media/rootalkhatib/My Passport/reda_ws/openvla_oft_ws_20260616/offline_risk_experiments/openvla_final1890_risk_20260618/reports/FINAL_1890_DATASET_RISK_EVALUATION_REPORT_20260618.md
