Using device: cuda:0
Creating stratified splits on the 1,891 episodes...
Splits saved: Train=1318, Val=277, Test=299
Extracting features (max_fail_steps=800)...

--- Training 800-Step Model (pos_weight=1.00) ---
Epoch 1/15 - Train Loss: 0.1006, Val AUROC: 0.9855
Epoch 2/15 - Train Loss: 0.0717, Val AUROC: 0.9898
Epoch 3/15 - Train Loss: 0.0710, Val AUROC: 0.9859
Epoch 4/15 - Train Loss: 0.0675, Val AUROC: 0.9911
Epoch 5/15 - Train Loss: 0.0647, Val AUROC: 0.9870
Epoch 6/15 - Train Loss: 0.0660, Val AUROC: 0.9854
Epoch 7/15 - Train Loss: 0.0659, Val AUROC: 0.9888
Epoch 8/15 - Train Loss: 0.0608, Val AUROC: 0.9912
Epoch 9/15 - Train Loss: 0.0577, Val AUROC: 0.9922
Epoch 10/15 - Train Loss: 0.0551, Val AUROC: 0.9932
Epoch 11/15 - Train Loss: 0.0555, Val AUROC: 0.9909
Epoch 12/15 - Train Loss: 0.0546, Val AUROC: 0.9929
Epoch 13/15 - Train Loss: 0.0527, Val AUROC: 0.9927
Epoch 14/15 - Train Loss: 0.0516, Val AUROC: 0.9929
Epoch 15/15 - Train Loss: 0.0505, Val AUROC: 0.9931
Early stopping triggered at epoch 15.
Extracting features (max_fail_steps=300)...

--- Training 300-Step Model (pos_weight=1.00) ---
Epoch 1/15 - Train Loss: 0.2069, Val AUROC: 0.9770
Epoch 2/15 - Train Loss: 0.1442, Val AUROC: 0.9841
Epoch 3/15 - Train Loss: 0.1333, Val AUROC: 0.9829
Epoch 4/15 - Train Loss: 0.1203, Val AUROC: 0.9809
Epoch 5/15 - Train Loss: 0.1259, Val AUROC: 0.9850
Epoch 6/15 - Train Loss: 0.1145, Val AUROC: 0.9853
Epoch 7/15 - Train Loss: 0.1153, Val AUROC: 0.9887
Epoch 8/15 - Train Loss: 0.1125, Val AUROC: 0.9867
Epoch 9/15 - Train Loss: 0.1079, Val AUROC: 0.9893
Epoch 10/15 - Train Loss: 0.1114, Val AUROC: 0.9897
Epoch 11/15 - Train Loss: 0.1042, Val AUROC: 0.9872
Epoch 12/15 - Train Loss: 0.1099, Val AUROC: 0.9891
Epoch 13/15 - Train Loss: 0.0978, Val AUROC: 0.9894
Epoch 14/15 - Train Loss: 0.0984, Val AUROC: 0.9916
Epoch 15/15 - Train Loss: 0.0957, Val AUROC: 0.9923

Saved comparison report to /media/rootalkhatib/My Passport/reda_ws/openvla_oft_ws_20260616/offline_risk_experiments/openvla_new1894_risk_corrected_20260618/reports/NEW_DATASET_1894EP_CORRECTED_EVALUATION_REPORT_20260618.md
