The '--headless' CLI argument is deprecated. Omit '--viz' for default headless. If config visualizers are enabled and you want to force headless, use '--viz none'.
WARNING: All log messages before absl::InitializeLog() is called are written to STDERR
E0000 00:00:1783024763.503237 2500366 descriptor_database.cc:633] File already exists in database: grpc/health/v1/health.proto
W0000 00:00:1783024763.503276 2500366 message.cc:301] Protobuf GeneratedMessageFactory: File is already registered: grpc/health/v1/health.proto
Loading user config located at: '/home/rootalkhatib/miniconda3/envs/env_isaaclab_6_0/lib/python3.12/site-packages/isaacsim/kit/data/Kit/IsaacLab/3.0/user.config.json'
2026-07-02T20:39:23Z [Info] [carb] Logging to file: /home/rootalkhatib/miniconda3/envs/env_isaaclab_6_0/lib/python3.12/site-packages/isaacsim/kit/logs/Kit/IsaacLab/3.0/kit_20260702_223923.log
2026-07-02T20:39:23Z [8ms] [Warning] [omni.ext.plugin] [ext: isaaclab_visualizers] Extensions config 'extension.toml' doesn't exist '/home/rootalkhatib/IsaacLab-6.0/source/isaaclab_visualizers' or '/home/rootalkhatib/IsaacLab-6.0/source/isaaclab_visualizers/config'
2026-07-02T20:39:23Z [8ms] [Warning] [omni.ext.plugin] [ext: isaacsim.replicator.nurec_utils] Extensions config 'extension.toml' doesn't exist '/home/rootalkhatib/miniconda3/envs/env_isaaclab_6_0/lib/python3.12/site-packages/isaacsim/exts/isaacsim.replicator.nurec_utils' or '/home/rootalkhatib/miniconda3/envs/env_isaaclab_6_0/lib/python3.12/site-packages/isaacsim/exts/isaacsim.replicator.nurec_utils/config'
2026-07-02T20:39:23Z [9ms] [Warning] [omni.ext.plugin] [ext: isaacsim.app.compatibility_check-1.1.4+110.1.2.lx64.r.cp312] Extensions config 'extension.toml' doesn't exist '/home/rootalkhatib/miniconda3/envs/env_isaaclab_6_0/lib/python3.12/site-packages/isaacsim/exts/isaacsim.app.compatibility_check-1.1.4+110.1.2.lx64.r.cp312' or '/home/rootalkhatib/miniconda3/envs/env_isaaclab_6_0/lib/python3.12/site-packages/isaacsim/exts/isaacsim.app.compatibility_check-1.1.4+110.1.2.lx64.r.cp312/config'
2026-07-02T20:39:23Z [484ms] [Warning] [omni.platforminfo.plugin] failed to open the default display.  Can't verify X Server version.

|---------------------------------------------------------------------------------------------|
| Driver Version: 595.71.05     | Graphics API: Vulkan
|=============================================================================================|
| GPU | Name                             | Active | LDA | GPU Memory | Vendor-ID | LUID       |
|     |                                  |        |     |            | Device-ID | UUID       |
|     |                                  |        |     |            | Bus-ID    |            |
|---------------------------------------------------------------------------------------------|
| 0   | NVIDIA GeForce RTX 4070 Ti SUPER | Yes: 0 |     | 16622   MB | 10de      | 0          |
|     |                                  |        |     |            | 2705      | d588fc24.. |
|     |                                  |        |     |            | a2        |            |
|=============================================================================================|
| OS: 22.04.5 LTS (Jammy Jellyfish) ubuntu, Version: 22.04.5, Kernel: 6.8.0-124-generic
| Processor: Intel(R) Xeon(R) w3-2423
| Cores: 6 | Logical Cores: 12
|---------------------------------------------------------------------------------------------|
| Total Memory (MB): 31333 | Free Memory: 23797
| Total Page/Swap (MB): 2047 | Free Page/Swap: 1425
|---------------------------------------------------------------------------------------------|
2026-07-02T20:39:24Z [1,042ms] [Warning] [omni.rtx] CPU performance profile is set to powersave. This profile sets the CPU to the lowest frequency reducing performance.
2026-07-02T20:39:24Z [1,051ms] [Warning] [omni.rtx] IOMMU is enabled.
2026-07-02T20:39:25Z [1,820ms] [Warning] [carb.windowing-glfw.plugin] GLFW initialization failed.
2026-07-02T20:39:25Z [1,820ms] [Warning] [carb] Failed to startup plugin carb.windowing-glfw.plugin (interfaces: [carb::windowing::IGLContext v1.0],[carb::windowing::IWindowing v1.5]) (impl: carb.windowing-glfw.plugin)
2026-07-02T20:39:25Z [1,901ms] [Warning] [carb.windowing-glfw.plugin] GLFW initialization failed.
2026-07-02T20:39:25Z [1,901ms] [Warning] [carb] Failed to startup plugin carb.windowing-glfw.plugin (interfaces: [carb::windowing::IGLContext v1.0],[carb::windowing::IWindowing v1.5]) (impl: carb.windowing-glfw.plugin)
2026-07-02T20:39:25Z [1,903ms] [Warning] [carb.windowing-glfw.plugin] GLFW initialization failed.
[ISAACLAB] AppLauncher initialization complete
[INFO] Connecting Pi0.5 remote runtime for closed-loop rollout...
[INFO] Connected to Pi0.5 policy server metadata={}
[INFO]: Registered backend 'physx' for factory Articulation.
[INFO]: Registered backend 'physx' for factory FrameView.
[INFO]: Registered backend 'physx' for factory RigidObject.
[INFO]: Physics scene prim path: /physicsScene
[INFO]: Simulation parameters for joints in /World/envs/env_.*/Robot:
+---------------------------------------------------------------------------------------------------------------------------------------------------------------------------+
|                                                     Simulation Joint Information (Prim path: /World/envs/env_.*/Robot)                                                    |
+-------+---------------------+-----------+---------+----------+-----------------+------------------+------------------+------------------+-----------------+---------------+
| Index | Name                | Stiffness | Damping | Armature | Static Friction | Dynamic Friction | Viscous Friction | Position Limits  | Velocity Limits | Effort Limits |
+-------+---------------------+-----------+---------+----------+-----------------+------------------+------------------+------------------+-----------------+---------------+
|   0   | panda_joint1        |  400.000  |  80.000 |  0.001   |      0.000      |      0.000       |      0.000       | [-2.897, 2.897]  |      2.175      |     87.000    |
|   1   | panda_joint2        |  400.000  |  80.000 |  0.001   |      0.000      |      0.000       |      0.000       | [-1.763, 1.763]  |      2.175      |     87.000    |
|   2   | panda_joint3        |  400.000  |  80.000 |  0.001   |      0.000      |      0.000       |      0.000       | [-2.897, 2.897]  |      2.175      |     87.000    |
|   3   | panda_joint4        |  400.000  |  80.000 |  0.001   |      0.000      |      0.000       |      0.000       | [-3.072, -0.070] |      2.175      |     87.000    |
|   4   | panda_joint5        |  400.000  |  80.000 |  0.001   |      0.000      |      0.000       |      0.000       | [-2.897, 2.897]  |      2.610      |     12.000    |
|   5   | panda_joint6        |  400.000  |  80.000 |  0.001   |      0.000      |      0.000       |      0.000       | [-0.018, 3.753]  |      2.610      |     12.000    |
|   6   | panda_joint7        |  400.000  |  80.000 |  0.001   |      0.000      |      0.000       |      0.000       | [-2.897, 2.897]  |      2.610      |     12.000    |
|   7   | panda_finger_joint1 |  2.0e+03  | 100.000 |  0.000   |      0.000      |      0.000       |      0.000       |  [0.000, 0.040]  |      0.200      |    200.000    |
|   8   | panda_finger_joint2 |  2.0e+03  | 100.000 |  0.000   |      0.000      |      0.000       |      0.000       |  [0.000, 0.040]  |      0.200      |    200.000    |
+-------+---------------------+-----------+---------+----------+-----------------+------------------+------------------+------------------+-----------------+---------------+
[INFO]: Registered backend 'physx' for factory Renderer.
[INFO]: Created new renderer for simulation: IsaacRtxRenderer
[INFO]: Using renderer: IsaacRtxRenderer
[INFO]: Using renderer: IsaacRtxRenderer
[INFO] Starting Pi0.5 reaching episode 0: instruction='reach the avocado', target_label='avocado'
2026-07-02T20:39:25Z [1,903ms] [Warning] [carb] Failed to startup plugin carb.windowing-glfw.plugin (interfaces: [carb::windowing::IGLContext v1.0],[carb::windowing::IWindowing v1.5]) (impl: carb.windowing-glfw.plugin)
2026-07-02T20:39:25Z [2,279ms] [Warning] [isaacsim.core.simulation_manager.plugin] USD stage is not available; stage-opened subscription is deferred
2026-07-02T20:39:25Z [2,279ms] [Warning] [isaacsim.core.simulation_manager.plugin] USD stage is not available; stage-opened subscription is deferred
2026-07-02T20:39:25Z [2,319ms] [Warning] [omni.log] Source: omni.hydra was already registered.
2026-07-02T20:39:26Z [2,933ms] [Warning] [pxr.Semantics] pxr.Semantics is deprecated - please use Semantics instead
2026-07-02T20:39:26Z [3,024ms] [Warning] [omni.replicator.core.scripts.extension] No material configuration file, adding configuration to material settings directly.
2026-07-02T20:39:30Z [7,277ms] [Warning] [omni.usd] Encountered USD Warnings but USD Diagnostics are currently muted. To view USD Warnings, please set the '/persistent/app/usd/muteUsdDiagnostics' setting to false in Preferences page.
2026-07-02T20:39:31Z [7,919ms] [Warning] [omni.rtx] DLSS increasing input dimensions: Render resolution of (150, 150) is below minimal input resolution of 300.
2026-07-02T20:39:31Z [7,996ms] [Warning] [omni.syntheticdata.plugin] OgnSdPostRenderVarToHost : rendervar copy from texture directly to host buffer is counter-performant. Please use copy from texture to device buffer first.
2026-07-02T20:39:31Z [8,010ms] [Error] [omni.physx.plugin] PhysX error: PxRigidDynamic::setLinearVelocity: Body must be non-kinematic!, FILE /builds/omniverse/physics/physx/source/physx/src/NpRigidDynamic.cpp, LINE 251
2026-07-02T20:39:31Z [8,010ms] [Error] [omni.physx.plugin] PhysX error: PxRigidDynamic::setAngularVelocity: Body must be non-kinematic!, FILE /builds/omniverse/physics/physx/source/physx/src/NpRigidDynamic.cpp, LINE 284
2026-07-02T20:39:31Z [8,011ms] [Error] [omni.physx.plugin] PhysX error: PxRigidDynamic::setLinearVelocity: Body must be non-kinematic!, FILE /builds/omniverse/physics/physx/source/physx/src/NpRigidDynamic.cpp, LINE 251
2026-07-02T20:39:31Z [8,011ms] [Error] [omni.physx.plugin] PhysX error: PxRigidDynamic::setAngularVelocity: Body must be non-kinematic!, FILE /builds/omniverse/physics/physx/source/physx/src/NpRigidDynamic.cpp, LINE 284
2026-07-02T20:39:31Z [8,012ms] [Error] [omni.physx.plugin] PhysX error: PxRigidDynamic::setLinearVelocity: Body must be non-kinematic!, FILE /builds/omniverse/physics/physx/source/physx/src/NpRigidDynamic.cpp, LINE 251
2026-07-02T20:39:31Z [8,012ms] [Error] [omni.physx.plugin] PhysX error: PxRigidDynamic::setAngularVelocity: Body must be non-kinematic!, FILE /builds/omniverse/physics/physx/source/physx/src/NpRigidDynamic.cpp, LINE 284
2026-07-02T20:39:31Z [8,012ms] [Error] [omni.physx.plugin] PhysX error: PxRigidDynamic::setLinearVelocity: Body must be non-kinematic!, FILE /builds/omniverse/physics/physx/source/physx/src/NpRigidDynamic.cpp, LINE 251
2026-07-02T20:39:31Z [8,012ms] [Error] [omni.physx.plugin] PhysX error: PxRigidDynamic::setAngularVelocity: Body must be non-kinematic!, FILE /builds/omniverse/physics/physx/source/physx/src/NpRigidDynamic.cpp, LINE 284
2026-07-02T20:39:31Z [8,014ms] [Error] [omni.physx.plugin] PhysX error: PxRigidDynamic::setLinearVelocity: Body must be non-kinematic!, FILE /builds/omniverse/physics/physx/source/physx/src/NpRigidDynamic.cpp, LINE 251
2026-07-02T20:39:31Z [8,014ms] [Error] [omni.physx.plugin] PhysX error: PxRigidDynamic::setAngularVelocity: Body must be non-kinematic!, FILE /builds/omniverse/physics/physx/source/physx/src/NpRigidDynamic.cpp, LINE 284
2026-07-02T20:39:31Z [8,014ms] [Error] [omni.physx.plugin] PhysX error: PxRigidDynamic::setLinearVelocity: Body must be non-kinematic!, FILE /builds/omniverse/physics/physx/source/physx/src/NpRigidDynamic.cpp, LINE 251
2026-07-02T20:39:31Z [8,014ms] [Error] [omni.physx.plugin] PhysX error: PxRigidDynamic::setAngularVelocity: Body must be non-kinematic!, FILE /builds/omniverse/physics/physx/source/physx/src/NpRigidDynamic.cpp, LINE 284
2026-07-02T20:39:31Z [8,015ms] [Error] [omni.physx.plugin] PhysX error: PxRigidDynamic::setLinearVelocity: Body must be non-kinematic!, FILE /builds/omniverse/physics/physx/source/physx/src/NpRigidDynamic.cpp, LINE 251
2026-07-02T20:39:31Z [8,015ms] [Error] [omni.physx.plugin] PhysX error: PxRigidDynamic::setAngularVelocity: Body must be non-kinematic!, FILE /builds/omniverse/physics/physx/source/physx/src/NpRigidDynamic.cpp, LINE 284
2026-07-02T20:39:31Z [8,016ms] [Error] [omni.physx.plugin] PhysX error: PxRigidDynamic::setLinearVelocity: Body must be non-kinematic!, FILE /builds/omniverse/physics/physx/source/physx/src/NpRigidDynamic.cpp, LINE 251
2026-07-02T20:39:31Z [8,016ms] [Error] [omni.physx.plugin] PhysX error: PxRigidDynamic::setAngularVelocity: Body must be non-kinematic!, FILE /builds/omniverse/physics/physx/source/physx/src/NpRigidDynamic.cpp, LINE 284
2026-07-02T20:39:31Z [8,016ms] [Error] [omni.physx.plugin] PhysX error: PxRigidDynamic::setLinearVelocity: Body must be non-kinematic!, FILE /builds/omniverse/physics/physx/source/physx/src/NpRigidDynamic.cpp, LINE 251
2026-07-02T20:39:31Z [8,016ms] [Error] [omni.physx.plugin] PhysX error: PxRigidDynamic::setAngularVelocity: Body must be non-kinematic!, FILE /builds/omniverse/physics/physx/source/physx/src/NpRigidDynamic.cpp, LINE 284
2026-07-02T20:39:31Z [8,017ms] [Error] [omni.physx.plugin] PhysX error: PxRigidDynamic::setLinearVelocity: Body must be non-kinematic!, FILE /builds/omniverse/physics/physx/source/physx/src/NpRigidDynamic.cpp, LINE 251
2026-07-02T20:39:31Z [8,017ms] [Error] [omni.physx.plugin] PhysX error: PxRigidDynamic::setAngularVelocity: Body must be non-kinematic!, FILE /builds/omniverse/physics/physx/source/physx/src/NpRigidDynamic.cpp, LINE 284
2026-07-02T20:39:31Z [8,018ms] [Error] [omni.physx.plugin] PhysX error: PxRigidDynamic::setLinearVelocity: Body must be non-kinematic!, FILE /builds/omniverse/physics/physx/source/physx/src/NpRigidDynamic.cpp, LINE 251
2026-07-02T20:39:31Z [8,018ms] [Error] [omni.physx.plugin] PhysX error: PxRigidDynamic::setAngularVelocity: Body must be non-kinematic!, FILE /builds/omniverse/physics/physx/source/physx/src/NpRigidDynamic.cpp, LINE 284
2026-07-02T20:39:31Z [8,018ms] [Error] [omni.physx.plugin] PhysX error: PxRigidDynamic::setLinearVelocity: Body must be non-kinematic!, FILE /builds/omniverse/physics/physx/source/physx/src/NpRigidDynamic.cpp, LINE 251
2026-07-02T20:39:31Z [8,018ms] [Error] [omni.physx.plugin] PhysX error: PxRigidDynamic::setAngularVelocity: Body must be non-kinematic!, FILE /builds/omniverse/physics/physx/source/physx/src/NpRigidDynamic.cpp, LINE 284
2026-07-02T20:39:31Z [8,025ms] [Error] [omni.physx.plugin] PhysX error: PxRigidDynamic::setLinearVelocity: Body must be non-kinematic!, FILE /builds/omniverse/physics/physx/source/physx/src/NpRigidDynamic.cpp, LINE 251
2026-07-02T20:39:31Z [8,025ms] [Error] [omni.physx.plugin] PhysX error: PxRigidDynamic::setAngularVelocity: Body must be non-kinematic!, FILE /builds/omniverse/physics/physx/source/physx/src/NpRigidDynamic.cpp, LINE 284
2026-07-02T20:39:31Z [8,025ms] [Error] [omni.physx.plugin] PhysX error: PxRigidDynamic::setLinearVelocity: Body must be non-kinematic!, FILE /builds/omniverse/physics/physx/source/physx/src/NpRigidDynamic.cpp, LINE 251
2026-07-02T20:39:31Z [8,025ms] [Error] [omni.physx.plugin] PhysX error: PxRigidDynamic::setAngularVelocity: Body must be non-kinematic!, FILE /builds/omniverse/physics/physx/source/physx/src/NpRigidDynamic.cpp, LINE 284
2026-07-02T20:39:31Z [8,026ms] [Error] [omni.physx.plugin] PhysX error: PxRigidDynamic::setLinearVelocity: Body must be non-kinematic!, FILE /builds/omniverse/physics/physx/source/physx/src/NpRigidDynamic.cpp, LINE 251
2026-07-02T20:39:31Z [8,026ms] [Error] [omni.physx.plugin] PhysX error: PxRigidDynamic::setAngularVelocity: Body must be non-kinematic!, FILE /builds/omniverse/physics/physx/source/physx/src/NpRigidDynamic.cpp, LINE 284
2026-07-02T20:39:31Z [8,026ms] [Error] [omni.physx.plugin] PhysX error: PxRigidDynamic::setLinearVelocity: Body must be non-kinematic!, FILE /builds/omniverse/physics/physx/source/physx/src/NpRigidDynamic.cpp, LINE 251
2026-07-02T20:39:31Z [8,026ms] [Error] [omni.physx.plugin] PhysX error: PxRigidDynamic::setAngularVelocity: Body must be non-kinematic!, FILE /builds/omniverse/physics/physx/source/physx/src/NpRigidDynamic.cpp, LINE 284
2026-07-02T20:39:31Z [8,027ms] [Error] [omni.physx.plugin] PhysX error: PxRigidDynamic::setLinearVelocity: Body must be non-kinematic!, FILE /builds/omniverse/physics/physx/source/physx/src/NpRigidDynamic.cpp, LINE 251
2026-07-02T20:39:31Z [8,027ms] [Error] [omni.physx.plugin] PhysX error: PxRigidDynamic::setAngularVelocity: Body must be non-kinematic!, FILE /builds/omniverse/physics/physx/source/physx/src/NpRigidDynamic.cpp, LINE 284
2026-07-02T20:39:31Z [8,028ms] [Error] [omni.physx.plugin] PhysX error: PxRigidDynamic::setLinearVelocity: Body must be non-kinematic!, FILE /builds/omniverse/physics/physx/source/physx/src/NpRigidDynamic.cpp, LINE 251
2026-07-02T20:39:31Z [8,028ms] [Error] [omni.physx.plugin] PhysX error: PxRigidDynamic::setAngularVelocity: Body must be non-kinematic!, FILE /builds/omniverse/physics/physx/source/physx/src/NpRigidDynamic.cpp, LINE 284
2026-07-02T20:39:31Z [8,028ms] [Error] [omni.physx.plugin] PhysX error: PxRigidDynamic::setLinearVelocity: Body must be non-kinematic!, FILE /builds/omniverse/physics/physx/source/physx/src/NpRigidDynamic.cpp, LINE 251
2026-07-02T20:39:31Z [8,028ms] [Error] [omni.physx.plugin] PhysX error: PxRigidDynamic::setAngularVelocity: Body must be non-kinematic!, FILE /builds/omniverse/physics/physx/source/physx/src/NpRigidDynamic.cpp, LINE 284
2026-07-02T20:39:31Z [8,029ms] [Error] [omni.physx.plugin] PhysX error: PxRigidDynamic::setLinearVelocity: Body must be non-kinematic!, FILE /builds/omniverse/physics/physx/source/physx/src/NpRigidDynamic.cpp, LINE 251
2026-07-02T20:39:31Z [8,029ms] [Error] [omni.physx.plugin] PhysX error: PxRigidDynamic::setAngularVelocity: Body must be non-kinematic!, FILE /builds/omniverse/physics/physx/source/physx/src/NpRigidDynamic.cpp, LINE 284
2026-07-02T20:39:31Z [8,029ms] [Error] [omni.physx.plugin] PhysX error: PxRigidDynamic::setLinearVelocity: Body must be non-kinematic!, FILE /builds/omniverse/physics/physx/source/physx/src/NpRigidDynamic.cpp, LINE 251
2026-07-02T20:39:31Z [8,029ms] [Error] [omni.physx.plugin] PhysX error: PxRigidDynamic::setAngularVelocity: Body must be non-kinematic!, FILE /builds/omniverse/physics/physx/source/physx/src/NpRigidDynamic.cpp, LINE 284
2026-07-02T20:39:31Z [8,029ms] [Error] [omni.physx.plugin] PhysX error: PxRigidDynamic::setLinearVelocity: Body must be non-kinematic!, FILE /builds/omniverse/physics/physx/source/physx/src/NpRigidDynamic.cpp, LINE 251
2026-07-02T20:39:31Z [8,029ms] [Error] [omni.physx.plugin] PhysX error: PxRigidDynamic::setAngularVelocity: Body must be non-kinematic!, FILE /builds/omniverse/physics/physx/source/physx/src/NpRigidDynamic.cpp, LINE 284
2026-07-02T20:39:31Z [8,030ms] [Error] [omni.physx.plugin] PhysX error: PxRigidDynamic::setLinearVelocity: Body must be non-kinematic!, FILE /builds/omniverse/physics/physx/source/physx/src/NpRigidDynamic.cpp, LINE 251
2026-07-02T20:39:31Z [8,030ms] [Error] [omni.physx.plugin] PhysX error: PxRigidDynamic::setAngularVelocity: Body must be non-kinematic!, FILE /builds/omniverse/physics/physx/source/physx/src/NpRigidDynamic.cpp, LINE 284
2026-07-02T20:39:31Z [8,030ms] [Error] [omni.physx.plugin] PhysX error: PxRigidDynamic::setLinearVelocity: Body must be non-kinematic!, FILE /builds/omniverse/physics/physx/source/physx/src/NpRigidDynamic.cpp, LINE 251
2026-07-02T20:39:31Z [8,030ms] [Error] [omni.physx.plugin] PhysX error: PxRigidDynamic::setAngularVelocity: Body must be non-kinematic!, FILE /builds/omniverse/physics/physx/source/physx/src/NpRigidDynamic.cpp, LINE 284
[DROID_DEBUG] entering episode loop episode=0 is_running=True max_steps=60 camera_interval_steps=8
[INFO]: RTX streaming completed in 0.01 s.
[DROID_DEBUG] first_policy_step episode=0 cmd_type=Pi05DroidJointCommand
[DROID_DEBUG] before_joint_target
/home/rootalkhatib/isaaclab_repo/franka_wrist_camera_isaaclab/scripts/pi05_reaching_rollout.py:320: DeprecationWarning: The function 'set_joint_position_target' will be deprecated in a future release. Please use 'set_joint_position_target_index' instead.
  robot.set_joint_position_target(current_cmd.target_joint_pos, joint_ids=arm_joint_ids)
[DROID_DEBUG] after_joint_target
[DROID_DEBUG] before_gripper
[DROID_DEBUG] before_write_data
[DROID_DEBUG] before_record_step
[DROID_DEBUG] before_record_cameras
[DROID_DEBUG] before_sim_step
[DROID_DEBUG] after_sim_step
[DROID_DEBUG] before_scene_update
[DROID_DEBUG] after_scene_update
[INFO]: RTX streaming completed in 0.04 s.
[DROID_DEBUG] saving episode=0 steps=60 states=8 camera_frames=8
[DROID_DEBUG] saved episode=0 dir=data/raw/pi05_droid_reaching_1ep_save_smoke/000000
[INFO] Pi0.5 episode 0 success=False mode=failure completed=False steps=60 instruction='reach the avocado'
2026-07-02T20:39:31Z [8,102ms] [Warning] [omni.kit.material.library.material_extensions] Could not initialize context menu integration: No module named 'omni.kit.context_menu'
[INFO] Using Python: "/home/rootalkhatib/miniconda3/envs/env_isaaclab_6_0/bin/python"
