The '--headless' CLI argument is deprecated. Omit '--viz' for default headless. If config visualizers are enabled and you want to force headless, use '--viz none'.
WARNING: All log messages before absl::InitializeLog() is called are written to STDERR
E0000 00:00:1783075117.734850 2902591 descriptor_database.cc:633] File already exists in database: grpc/health/v1/health.proto
W0000 00:00:1783075117.734892 2902591 message.cc:301] Protobuf GeneratedMessageFactory: File is already registered: grpc/health/v1/health.proto
Loading user config located at: '/home/rootalkhatib/miniconda3/envs/env_isaaclab_6_0/lib/python3.12/site-packages/isaacsim/kit/data/Kit/IsaacLab/3.0/user.config.json'
2026-07-03T10:38:37Z [Info] [carb] Logging to file: /home/rootalkhatib/miniconda3/envs/env_isaaclab_6_0/lib/python3.12/site-packages/isaacsim/kit/logs/Kit/IsaacLab/3.0/kit_20260703_123837.log
2026-07-03T10:38:37Z [8ms] [Warning] [omni.ext.plugin] [ext: isaaclab_visualizers] Extensions config 'extension.toml' doesn't exist '/home/rootalkhatib/IsaacLab-6.0/source/isaaclab_visualizers' or '/home/rootalkhatib/IsaacLab-6.0/source/isaaclab_visualizers/config'
2026-07-03T10:38:37Z [8ms] [Warning] [omni.ext.plugin] [ext: isaacsim.app.compatibility_check-1.1.4+110.1.2.lx64.r.cp312] Extensions config 'extension.toml' doesn't exist '/home/rootalkhatib/miniconda3/envs/env_isaaclab_6_0/lib/python3.12/site-packages/isaacsim/exts/isaacsim.app.compatibility_check-1.1.4+110.1.2.lx64.r.cp312' or '/home/rootalkhatib/miniconda3/envs/env_isaaclab_6_0/lib/python3.12/site-packages/isaacsim/exts/isaacsim.app.compatibility_check-1.1.4+110.1.2.lx64.r.cp312/config'
2026-07-03T10:38:37Z [10ms] [Warning] [omni.ext.plugin] [ext: isaacsim.replicator.nurec_utils] Extensions config 'extension.toml' doesn't exist '/home/rootalkhatib/miniconda3/envs/env_isaaclab_6_0/lib/python3.12/site-packages/isaacsim/exts/isaacsim.replicator.nurec_utils' or '/home/rootalkhatib/miniconda3/envs/env_isaaclab_6_0/lib/python3.12/site-packages/isaacsim/exts/isaacsim.replicator.nurec_utils/config'
2026-07-03T10:38:38Z [476ms] [Warning] [omni.platforminfo.plugin] failed to open the default display.  Can't verify X Server version.

|---------------------------------------------------------------------------------------------|
| Driver Version: 595.71.05     | Graphics API: Vulkan
|=============================================================================================|
| GPU | Name                             | Active | LDA | GPU Memory | Vendor-ID | LUID       |
|     |                                  |        |     |            | Device-ID | UUID       |
|     |                                  |        |     |            | Bus-ID    |            |
|---------------------------------------------------------------------------------------------|
| 0   | NVIDIA GeForce RTX 4070 Ti SUPER | Yes: 0 |     | 16622   MB | 10de      | 0          |
|     |                                  |        |     |            | 2705      | d588fc24.. |
|     |                                  |        |     |            | a2        |            |
|=============================================================================================|
| OS: 22.04.5 LTS (Jammy Jellyfish) ubuntu, Version: 22.04.5, Kernel: 6.8.0-124-generic
| Processor: Intel(R) Xeon(R) w3-2423
| Cores: 6 | Logical Cores: 12
|---------------------------------------------------------------------------------------------|
| Total Memory (MB): 31333 | Free Memory: 27183
| Total Page/Swap (MB): 2047 | Free Page/Swap: 1459
|---------------------------------------------------------------------------------------------|
2026-07-03T10:38:38Z [1,101ms] [Warning] [omni.rtx] CPU performance profile is set to powersave. This profile sets the CPU to the lowest frequency reducing performance.
2026-07-03T10:38:38Z [1,110ms] [Warning] [omni.rtx] IOMMU is enabled.
2026-07-03T10:38:39Z [1,895ms] [Warning] [carb.windowing-glfw.plugin] GLFW initialization failed.
2026-07-03T10:38:39Z [1,895ms] [Warning] [carb] Failed to startup plugin carb.windowing-glfw.plugin (interfaces: [carb::windowing::IGLContext v1.0],[carb::windowing::IWindowing v1.5]) (impl: carb.windowing-glfw.plugin)
2026-07-03T10:38:39Z [1,975ms] [Warning] [carb.windowing-glfw.plugin] GLFW initialization failed.
2026-07-03T10:38:39Z [1,975ms] [Warning] [carb] Failed to startup plugin carb.windowing-glfw.plugin (interfaces: [carb::windowing::IGLContext v1.0],[carb::windowing::IWindowing v1.5]) (impl: carb.windowing-glfw.plugin)
2026-07-03T10:38:39Z [1,977ms] [Warning] [carb.windowing-glfw.plugin] GLFW initialization failed.
[ISAACLAB] AppLauncher initialization complete
[INFO] Loading SimVLA runtime for closed-loop rollout...
`torch_dtype` is deprecated! Use `dtype` instead!
[LiberoJointActionSpace] Loaded state norm stats, dim=8
[LiberoJointActionSpace] Loaded actions norm stats, dim=7
[INFO]: Registered backend 'physx' for factory Articulation.
[INFO]: Registered backend 'physx' for factory FrameView.
[INFO]: Registered backend 'physx' for factory RigidObject.
[INFO]: Physics scene prim path: /physicsScene
[INFO]: Simulation parameters for joints in /World/envs/env_.*/Robot:
+---------------------------------------------------------------------------------------------------------------------------------------------------------------------------+
|                                                     Simulation Joint Information (Prim path: /World/envs/env_.*/Robot)                                                    |
+-------+---------------------+-----------+---------+----------+-----------------+------------------+------------------+------------------+-----------------+---------------+
| Index | Name                | Stiffness | Damping | Armature | Static Friction | Dynamic Friction | Viscous Friction | Position Limits  | Velocity Limits | Effort Limits |
+-------+---------------------+-----------+---------+----------+-----------------+------------------+------------------+------------------+-----------------+---------------+
|   0   | panda_joint1        |  400.000  |  80.000 |  0.001   |      0.000      |      0.000       |      0.000       | [-2.897, 2.897]  |      2.175      |     87.000    |
|   1   | panda_joint2        |  400.000  |  80.000 |  0.001   |      0.000      |      0.000       |      0.000       | [-1.763, 1.763]  |      2.175      |     87.000    |
|   2   | panda_joint3        |  400.000  |  80.000 |  0.001   |      0.000      |      0.000       |      0.000       | [-2.897, 2.897]  |      2.175      |     87.000    |
|   3   | panda_joint4        |  400.000  |  80.000 |  0.001   |      0.000      |      0.000       |      0.000       | [-3.072, -0.070] |      2.175      |     87.000    |
|   4   | panda_joint5        |  400.000  |  80.000 |  0.001   |      0.000      |      0.000       |      0.000       | [-2.897, 2.897]  |      2.610      |     12.000    |
|   5   | panda_joint6        |  400.000  |  80.000 |  0.001   |      0.000      |      0.000       |      0.000       | [-0.018, 3.753]  |      2.610      |     12.000    |
|   6   | panda_joint7        |  400.000  |  80.000 |  0.001   |      0.000      |      0.000       |      0.000       | [-2.897, 2.897]  |      2.610      |     12.000    |
|   7   | panda_finger_joint1 |  2.0e+03  | 100.000 |  0.000   |      0.000      |      0.000       |      0.000       |  [0.000, 0.040]  |      0.200      |    200.000    |
|   8   | panda_finger_joint2 |  2.0e+03  | 100.000 |  0.000   |      0.000      |      0.000       |      0.000       |  [0.000, 0.040]  |      0.200      |    200.000    |
+-------+---------------------+-----------+---------+----------+-----------------+------------------+------------------+------------------+-----------------+---------------+
[INFO]: Registered backend 'physx' for factory Renderer.
[INFO]: Created new renderer for simulation: IsaacRtxRenderer
[INFO]: Using renderer: IsaacRtxRenderer
[INFO]: Using renderer: IsaacRtxRenderer
[INFO] Starting SimVLA reaching episode 0: instruction='reach the avocado', target_label='avocado'
[FT_DEBUG] enter_episode episode=0
2026-07-03T10:38:39Z [1,977ms] [Warning] [carb] Failed to startup plugin carb.windowing-glfw.plugin (interfaces: [carb::windowing::IGLContext v1.0],[carb::windowing::IWindowing v1.5]) (impl: carb.windowing-glfw.plugin)
2026-07-03T10:38:39Z [2,350ms] [Warning] [isaacsim.core.simulation_manager.plugin] USD stage is not available; stage-opened subscription is deferred
2026-07-03T10:38:39Z [2,350ms] [Warning] [isaacsim.core.simulation_manager.plugin] USD stage is not available; stage-opened subscription is deferred
2026-07-03T10:38:39Z [2,391ms] [Warning] [omni.log] Source: omni.hydra was already registered.
2026-07-03T10:38:40Z [2,991ms] [Warning] [pxr.Semantics] pxr.Semantics is deprecated - please use Semantics instead
2026-07-03T10:38:40Z [3,080ms] [Warning] [omni.replicator.core.scripts.extension] No material configuration file, adding configuration to material settings directly.
2026-07-03T10:39:05Z [27,918ms] [Warning] [omni.client.python] Detected a blocking function. This will cause hitches or hangs in the UI. Please switch to the async version:
  File "/home/rootalkhatib/isaaclab_repo/franka_wrist_camera_isaaclab/scripts/simvla_reaching_rollout.py", line 475, in <module>
  File "/home/rootalkhatib/isaaclab_repo/franka_wrist_camera_isaaclab/scripts/simvla_reaching_rollout.py", line 469, in main
  File "/home/rootalkhatib/isaaclab_repo/franka_wrist_camera_isaaclab/scripts/simvla_reaching_rollout.py", line 419, in run_rollouts
  File "/home/rootalkhatib/IsaacLab-6.0/source/isaaclab/isaaclab/scene/interactive_scene.py", line 200, in __init__
  File "/home/rootalkhatib/IsaacLab-6.0/source/isaaclab/isaaclab/scene/interactive_scene.py", line 916, in _add_entities_from_cfg
  File "/home/rootalkhatib/IsaacLab-6.0/source/isaaclab/isaaclab/utils/string.py", line 221, in __call__
  File "/home/rootalkhatib/IsaacLab-6.0/source/isaaclab/isaaclab/assets/articulation/articulation.py", line 30, in __new__
  File "/home/rootalkhatib/IsaacLab-6.0/source/isaaclab/isaaclab/utils/backend_utils.py", line 134, in __new__
  File "/home/rootalkhatib/IsaacLab-6.0/source/isaaclab_physx/isaaclab_physx/assets/articulation/articulation.py", line 126, in __init__
  File "/home/rootalkhatib/IsaacLab-6.0/source/isaaclab/isaaclab/assets/articulation/base_articulation.py", line 98, in __init__
  File "/home/rootalkhatib/IsaacLab-6.0/source/isaaclab/isaaclab/assets/asset_base.py", line 92, in __init__
  File "/home/rootalkhatib/IsaacLab-6.0/source/isaaclab/isaaclab/utils/string.py", line 221, in __call__
  File "/home/rootalkhatib/IsaacLab-6.0/source/isaaclab/isaaclab/sim/utils/prims.py", line 704, in wrapper
  File "/home/rootalkhatib/IsaacLab-6.0/source/isaaclab/isaaclab/sim/spawners/from_files/from_files.py", line 82, in spawn_from_usd
  File "/home/rootalkhatib/IsaacLab-6.0/source/isaaclab/isaaclab/sim/spawners/from_files/from_files.py", line 317, in _spawn_from_usd_file
  File "/home/rootalkhatib/IsaacLab-6.0/source/isaaclab/isaaclab/utils/assets.py", line 81, in check_file_path
  File "/home/rootalkhatib/miniconda3/envs/env_isaaclab_6_0/lib/python3.12/site-packages/isaacsim/kit/extscore/omni.client.lib/omni/client/impl/__init__.py", line 138, in stat

2026-07-03T10:39:30Z [53,070ms] [Warning] [omni.usd] Encountered USD Warnings but USD Diagnostics are currently muted. To view USD Warnings, please set the '/persistent/app/usd/muteUsdDiagnostics' setting to false in Preferences page.
2026-07-03T10:39:31Z [53,973ms] [Warning] [omni.rtx] DLSS increasing input dimensions: Render resolution of (320, 240) is below minimal input resolution of 300.
[INFO] Using Python: "/home/rootalkhatib/miniconda3/envs/env_isaaclab_6_0/bin/python"
