The '--headless' CLI argument is deprecated. Omit '--viz' for default headless. If config visualizers are enabled and you want to force headless, use '--viz none'.
WARNING: All log messages before absl::InitializeLog() is called are written to STDERR
E0000 00:00:1783075081.098543 2901934 descriptor_database.cc:633] File already exists in database: grpc/health/v1/health.proto
W0000 00:00:1783075081.098582 2901934 message.cc:301] Protobuf GeneratedMessageFactory: File is already registered: grpc/health/v1/health.proto
Loading user config located at: '/home/rootalkhatib/miniconda3/envs/env_isaaclab_6_0/lib/python3.12/site-packages/isaacsim/kit/data/Kit/IsaacLab/3.0/user.config.json'
2026-07-03T10:38:00Z [Info] [carb] Logging to file: /home/rootalkhatib/miniconda3/envs/env_isaaclab_6_0/lib/python3.12/site-packages/isaacsim/kit/logs/Kit/IsaacLab/3.0/kit_20260703_123800.log
2026-07-03T10:38:00Z [7ms] [Warning] [omni.ext.plugin] [ext: isaacsim.app.compatibility_check-1.1.4+110.1.2.lx64.r.cp312] Extensions config 'extension.toml' doesn't exist '/home/rootalkhatib/miniconda3/envs/env_isaaclab_6_0/lib/python3.12/site-packages/isaacsim/exts/isaacsim.app.compatibility_check-1.1.4+110.1.2.lx64.r.cp312' or '/home/rootalkhatib/miniconda3/envs/env_isaaclab_6_0/lib/python3.12/site-packages/isaacsim/exts/isaacsim.app.compatibility_check-1.1.4+110.1.2.lx64.r.cp312/config'
2026-07-03T10:38:00Z [9ms] [Warning] [omni.ext.plugin] [ext: isaacsim.replicator.nurec_utils] Extensions config 'extension.toml' doesn't exist '/home/rootalkhatib/miniconda3/envs/env_isaaclab_6_0/lib/python3.12/site-packages/isaacsim/exts/isaacsim.replicator.nurec_utils' or '/home/rootalkhatib/miniconda3/envs/env_isaaclab_6_0/lib/python3.12/site-packages/isaacsim/exts/isaacsim.replicator.nurec_utils/config'
2026-07-03T10:38:00Z [9ms] [Warning] [omni.ext.plugin] [ext: isaaclab_visualizers] Extensions config 'extension.toml' doesn't exist '/home/rootalkhatib/IsaacLab-6.0/source/isaaclab_visualizers' or '/home/rootalkhatib/IsaacLab-6.0/source/isaaclab_visualizers/config'
2026-07-03T10:38:01Z [481ms] [Warning] [omni.platforminfo.plugin] failed to open the default display.  Can't verify X Server version.

|---------------------------------------------------------------------------------------------|
| Driver Version: 595.71.05     | Graphics API: Vulkan
|=============================================================================================|
| GPU | Name                             | Active | LDA | GPU Memory | Vendor-ID | LUID       |
|     |                                  |        |     |            | Device-ID | UUID       |
|     |                                  |        |     |            | Bus-ID    |            |
|---------------------------------------------------------------------------------------------|
| 0   | NVIDIA GeForce RTX 4070 Ti SUPER | Yes: 0 |     | 16622   MB | 10de      | 0          |
|     |                                  |        |     |            | 2705      | d588fc24.. |
|     |                                  |        |     |            | a2        |            |
|=============================================================================================|
| OS: 22.04.5 LTS (Jammy Jellyfish) ubuntu, Version: 22.04.5, Kernel: 6.8.0-124-generic
| Processor: Intel(R) Xeon(R) w3-2423
| Cores: 6 | Logical Cores: 12
|---------------------------------------------------------------------------------------------|
| Total Memory (MB): 31333 | Free Memory: 27206
| Total Page/Swap (MB): 2047 | Free Page/Swap: 1459
|---------------------------------------------------------------------------------------------|
2026-07-03T10:38:02Z [1,119ms] [Warning] [omni.rtx] CPU performance profile is set to powersave. This profile sets the CPU to the lowest frequency reducing performance.
2026-07-03T10:38:02Z [1,128ms] [Warning] [omni.rtx] IOMMU is enabled.
2026-07-03T10:38:02Z [1,921ms] [Warning] [carb.windowing-glfw.plugin] GLFW initialization failed.
2026-07-03T10:38:02Z [1,921ms] [Warning] [carb] Failed to startup plugin carb.windowing-glfw.plugin (interfaces: [carb::windowing::IGLContext v1.0],[carb::windowing::IWindowing v1.5]) (impl: carb.windowing-glfw.plugin)
2026-07-03T10:38:02Z [2,000ms] [Warning] [carb.windowing-glfw.plugin] GLFW initialization failed.
2026-07-03T10:38:02Z [2,000ms] [Warning] [carb] Failed to startup plugin carb.windowing-glfw.plugin (interfaces: [carb::windowing::IGLContext v1.0],[carb::windowing::IWindowing v1.5]) (impl: carb.windowing-glfw.plugin)
2026-07-03T10:38:02Z [2,002ms] [Warning] [carb.windowing-glfw.plugin] GLFW initialization failed.
[ISAACLAB] AppLauncher initialization complete
[INFO] Loading SimVLA runtime for closed-loop rollout...
`torch_dtype` is deprecated! Use `dtype` instead!
Some weights of the model checkpoint at /media/rootalkhatib/My Passport/reda_ws/fiper_ws/checkpoints/simvla_finetuned_isaac_20260703/ckpt-50000-finetuned were not used when initializing SmolVLMVLA: ['transformer.logvar_head.bias', 'transformer.logvar_head.weight', 'transformer.velocity_head.bias', 'transformer.velocity_head.weight']
- This IS expected if you are initializing SmolVLMVLA from the checkpoint of a model trained on another task or with another architecture (e.g. initializing a BertForSequenceClassification model from a BertForPreTraining model).
- This IS NOT expected if you are initializing SmolVLMVLA from the checkpoint of a model that you expect to be exactly identical (initializing a BertForSequenceClassification model from a BertForSequenceClassification model).
Some weights of SmolVLMVLA were not initialized from the model checkpoint at /media/rootalkhatib/My Passport/reda_ws/fiper_ws/checkpoints/simvla_finetuned_isaac_20260703/ckpt-50000-finetuned and are newly initialized: ['transformer.action_decoder.bias', 'transformer.action_decoder.weight']
You should probably TRAIN this model on a down-stream task to be able to use it for predictions and inference.
[LiberoJointActionSpace] Loaded state norm stats, dim=8
[LiberoJointActionSpace] Loaded actions norm stats, dim=7
[INFO]: Registered backend 'physx' for factory Articulation.
[INFO]: Registered backend 'physx' for factory FrameView.
[INFO]: Registered backend 'physx' for factory RigidObject.
[INFO]: Physics scene prim path: /physicsScene
[INFO]: Simulation parameters for joints in /World/envs/env_.*/Robot:
+---------------------------------------------------------------------------------------------------------------------------------------------------------------------------+
|                                                     Simulation Joint Information (Prim path: /World/envs/env_.*/Robot)                                                    |
+-------+---------------------+-----------+---------+----------+-----------------+------------------+------------------+------------------+-----------------+---------------+
| Index | Name                | Stiffness | Damping | Armature | Static Friction | Dynamic Friction | Viscous Friction | Position Limits  | Velocity Limits | Effort Limits |
+-------+---------------------+-----------+---------+----------+-----------------+------------------+------------------+------------------+-----------------+---------------+
|   0   | panda_joint1        |  400.000  |  80.000 |  0.001   |      0.000      |      0.000       |      0.000       | [-2.897, 2.897]  |      2.175      |     87.000    |
|   1   | panda_joint2        |  400.000  |  80.000 |  0.001   |      0.000      |      0.000       |      0.000       | [-1.763, 1.763]  |      2.175      |     87.000    |
|   2   | panda_joint3        |  400.000  |  80.000 |  0.001   |      0.000      |      0.000       |      0.000       | [-2.897, 2.897]  |      2.175      |     87.000    |
|   3   | panda_joint4        |  400.000  |  80.000 |  0.001   |      0.000      |      0.000       |      0.000       | [-3.072, -0.070] |      2.175      |     87.000    |
|   4   | panda_joint5        |  400.000  |  80.000 |  0.001   |      0.000      |      0.000       |      0.000       | [-2.897, 2.897]  |      2.610      |     12.000    |
|   5   | panda_joint6        |  400.000  |  80.000 |  0.001   |      0.000      |      0.000       |      0.000       | [-0.018, 3.753]  |      2.610      |     12.000    |
|   6   | panda_joint7        |  400.000  |  80.000 |  0.001   |      0.000      |      0.000       |      0.000       | [-2.897, 2.897]  |      2.610      |     12.000    |
|   7   | panda_finger_joint1 |  2.0e+03  | 100.000 |  0.000   |      0.000      |      0.000       |      0.000       |  [0.000, 0.040]  |      0.200      |    200.000    |
|   8   | panda_finger_joint2 |  2.0e+03  | 100.000 |  0.000   |      0.000      |      0.000       |      0.000       |  [0.000, 0.040]  |      0.200      |    200.000    |
+-------+---------------------+-----------+---------+----------+-----------------+------------------+------------------+------------------+-----------------+---------------+
[INFO]: Registered backend 'physx' for factory Renderer.
[INFO]: Created new renderer for simulation: IsaacRtxRenderer
[INFO]: Using renderer: IsaacRtxRenderer
[INFO]: Using renderer: IsaacRtxRenderer
[INFO] Starting SimVLA reaching episode 0: instruction='reach the avocado', target_label='avocado'
[FT_DEBUG] enter_episode episode=0
[FT_DEBUG] recorder_ready episode=0 is_running=True max_steps=60
[FT_DEBUG] before_loop episode=0 is_running=True
[INFO]: RTX streaming completed in 0.01 s.
[FT_DEBUG] before_policy step=0 camera_tick=0
2026-07-03T10:38:02Z [2,002ms] [Warning] [carb] Failed to startup plugin carb.windowing-glfw.plugin (interfaces: [carb::windowing::IGLContext v1.0],[carb::windowing::IWindowing v1.5]) (impl: carb.windowing-glfw.plugin)
2026-07-03T10:38:03Z [2,381ms] [Warning] [isaacsim.core.simulation_manager.plugin] USD stage is not available; stage-opened subscription is deferred
2026-07-03T10:38:03Z [2,381ms] [Warning] [isaacsim.core.simulation_manager.plugin] USD stage is not available; stage-opened subscription is deferred
2026-07-03T10:38:03Z [2,421ms] [Warning] [omni.log] Source: omni.hydra was already registered.
2026-07-03T10:38:03Z [3,029ms] [Warning] [pxr.Semantics] pxr.Semantics is deprecated - please use Semantics instead
2026-07-03T10:38:04Z [3,122ms] [Warning] [omni.replicator.core.scripts.extension] No material configuration file, adding configuration to material settings directly.
2026-07-03T10:38:17Z [16,958ms] [Warning] [omni.usd] Encountered USD Warnings but USD Diagnostics are currently muted. To view USD Warnings, please set the '/persistent/app/usd/muteUsdDiagnostics' setting to false in Preferences page.
2026-07-03T10:38:18Z [17,925ms] [Warning] [omni.rtx] DLSS increasing input dimensions: Render resolution of (320, 240) is below minimal input resolution of 300.
2026-07-03T10:38:19Z [18,159ms] [Warning] [omni.kit.material.library.material_extensions] Could not initialize context menu integration: No module named 'omni.kit.context_menu'
[INFO] Using Python: "/home/rootalkhatib/miniconda3/envs/env_isaaclab_6_0/bin/python"
