no server running on /tmp/tmux-1000/default
[2026-08-13T21:21:10+0200] start H10 Round 0; existing atomic state={}
{
  "collector_sha256": "a53fb3c3da9ea6a066ebff1cb791bcfe5bbb530cc645e3b1c6b9eea5fd6edb9b",
  "config_path": "/mnt/ai/projects/simvla_isaac_risk_collection_H10_EXECUTION_20260813/configs/final_seen_h10_round_000_seed20260730.yaml",
  "config_sha256": "f30b025ae2013e432895c8a3cb5e8cea3a89f4623fee82bb11b98f1d52c5e768",
  "cpu_test_log": "/mnt/ai/projects/simvla_isaac_risk_collection_H10_EXECUTION_20260813/logs/final_seen_h10_round_000_cpu_tests.log",
  "cpu_tests": "36/36",
  "generated_at_unix_s": 1786648873.9346788,
  "gpu_compute_processes": [],
  "manifest_path": "/mnt/ai/projects/simvla_isaac_risk_collection_H10_EXECUTION_20260813/manifests/seen_4000_master.json",
  "manifest_sha256": "d704db4ec37610a2231541abecf817f5b094ceabdf1c47ef791a01c7058211a2",
  "other_isaac_collector_active": false,
  "output_dir": "/mnt/ai/projects/simvla_isaac_risk_collection_H10_EXECUTION_20260813/outputs/final_seen_h10_round_000_seed20260730",
  "output_was_empty": true,
  "pass": true,
  "pi05_training_active": false,
  "ssd_free_bytes": 333126766592
}
TMUX_SESSION=simvla-risk-h10-final-seen-r000
COLLECTOR_LOG=/mnt/ai/projects/simvla_isaac_risk_collection_H10_EXECUTION_20260813/logs/final_seen_h10_round_000_seed20260730.log
LIVE_STATUS=/mnt/ai/projects/simvla_isaac_risk_collection_H10_EXECUTION_20260813/outputs/final_seen_h10_round_000_seed20260730/live_status.json
OUTPUT=/mnt/ai/projects/simvla_isaac_risk_collection_H10_EXECUTION_20260813/outputs/final_seen_h10_round_000_seed20260730
[2026-08-16T19:45:47+0200] FATAL FileNotFoundError: [Errno 2] No such file or directory: '/mnt/ai/projects/simvla_isaac_risk_collection_H10_EXECUTION_20260813/outputs/final_seen_h10_round_001_seed20260802/STOP_AFTER_CURRENT_EPISODE'
Traceback (most recent call last):
  File "/mnt/ai/projects/simvla_isaac_risk_collection_H10_EXECUTION_20260813/automation/pipeline_supervisor.py", line 636, in <module>
    return 0
    
  File "/mnt/ai/projects/simvla_isaac_risk_collection_H10_EXECUTION_20260813/automation/pipeline_supervisor.py", line 629, in main
    )
  File "/mnt/ai/projects/simvla_isaac_risk_collection_H10_EXECUTION_20260813/automation/pipeline_supervisor.py", line 597, in continuous_collection
    run_round(round_id, "broad")
    ~~~~~~~~~^^^^^^^^^^^^^^^^^^^
  File "/mnt/ai/projects/simvla_isaac_risk_collection_H10_EXECUTION_20260813/automation/pipeline_supervisor.py", line 328, in run_round
    rc = monitor_process(process, output, f"collect_{kind}_round_{round_id:03d}", command)
  File "/mnt/ai/projects/simvla_isaac_risk_collection_H10_EXECUTION_20260813/automation/pipeline_supervisor.py", line 237, in monitor_process
    (output / "STOP_AFTER_CURRENT_EPISODE").touch()
    ~~~~~~~~~~~~~~~~~~~~~~~~~~~~~~~~~~~~~~~~~~~~~^^
  File "/home/redafrix/miniconda3/lib/python3.13/pathlib/_local.py", line 714, in touch
    fd = os.open(self, flags, mode)
FileNotFoundError: [Errno 2] No such file or directory: '/mnt/ai/projects/simvla_isaac_risk_collection_H10_EXECUTION_20260813/outputs/final_seen_h10_round_001_seed20260802/STOP_AFTER_CURRENT_EPISODE'
