
[2026-08-16T16:31:21+0200] COMMAND=['/home/redafrix/miniconda3/bin/python', '/mnt/ai/projects/simvla_isaac_risk_collection_H10_EXECUTION_20260813/automation/compress_audited_round.py', '/mnt/ai/projects/simvla_isaac_risk_collection_H10_EXECUTION_20260813/outputs/final_seen_h10_round_000_seed20260730']
COMPRESSED_FILES=100/4000
COMPRESSED_FILES=200/4000
COMPRESSED_FILES=300/4000
COMPRESSED_FILES=400/4000
COMPRESSED_FILES=500/4000
COMPRESSED_FILES=600/4000
COMPRESSED_FILES=700/4000
COMPRESSED_FILES=800/4000
COMPRESSED_FILES=900/4000
COMPRESSED_FILES=1000/4000
COMPRESSED_FILES=1100/4000
COMPRESSED_FILES=1200/4000
COMPRESSED_FILES=1300/4000
COMPRESSED_FILES=1400/4000
COMPRESSED_FILES=1500/4000
COMPRESSED_FILES=1600/4000
COMPRESSED_FILES=1700/4000
COMPRESSED_FILES=1800/4000
COMPRESSED_FILES=1900/4000
COMPRESSED_FILES=2000/4000
COMPRESSED_FILES=2100/4000
COMPRESSED_FILES=2200/4000
COMPRESSED_FILES=2300/4000
COMPRESSED_FILES=2400/4000
COMPRESSED_FILES=2500/4000
COMPRESSED_FILES=2600/4000
COMPRESSED_FILES=2700/4000
COMPRESSED_FILES=2800/4000
COMPRESSED_FILES=2900/4000
COMPRESSED_FILES=3000/4000
COMPRESSED_FILES=3100/4000
COMPRESSED_FILES=3200/4000
COMPRESSED_FILES=3300/4000
COMPRESSED_FILES=3400/4000
COMPRESSED_FILES=3500/4000
COMPRESSED_FILES=3600/4000
COMPRESSED_FILES=3700/4000
COMPRESSED_FILES=3800/4000
COMPRESSED_FILES=3900/4000
COMPRESSED_FILES=4000/4000
{
  "aggregate_physical_bytes_reclaimed": 4439102336,
  "aggregate_reconstruction_verified": true,
  "compressed_bytes": 1380299544,
  "compression_ratio": 3.216042746153367,
  "files": 4000,
  "schema_version": "simvla_audited_round_lossless_zstd_v2",
  "uncompressed_bytes": 4439102336
}
