
[2026-08-16T16:46:41+0200] COMMAND=['/home/redafrix/miniconda3/bin/python', '/mnt/ai/projects/simvla_isaac_risk_collection_H10_EXECUTION_20260813/risk_head_pipeline/train_isaac_topk8.py', '--dataset-root', '/mnt/ai/projects/simvla_isaac_risk_collection_H10_EXECUTION_20260813/frozen_datasets/isaac_seen_h10_topk8_v1', '--output-root', '/mnt/ai/projects/simvla_isaac_risk_collection_H10_EXECUTION_20260813/models/isaac_h10_topk8_temporal_v1', '--workers', '8']
RISK_TRAIN_EPOCH_JSON={"epoch": 1, "epoch_seconds": 2.0212669372558594, "rows_per_second": 26134.555408216875, "train_loss": 0.6910573026308646, "validation_auprc": 0.7879672140741938, "validation_auroc": 0.9046300738838583}
RISK_TRAIN_EPOCH_JSON={"epoch": 2, "epoch_seconds": 0.9532618522644043, "rows_per_second": 55414.81400891332, "train_loss": 0.5689682252705097, "validation_auprc": 0.8008341888022897, "validation_auroc": 0.9187922917511376}
RISK_TRAIN_EPOCH_JSON={"epoch": 3, "epoch_seconds": 0.948009729385376, "rows_per_second": 55721.86182411523, "train_loss": 0.5200517197641042, "validation_auprc": 0.8337697290786793, "validation_auroc": 0.9333801301977744}
RISK_TRAIN_EPOCH_JSON={"epoch": 4, "epoch_seconds": 0.9369552135467529, "rows_per_second": 56379.31429510751, "train_loss": 0.4938202067636527, "validation_auprc": 0.82838863763507, "validation_auroc": 0.9312054556922107}
RISK_TRAIN_EPOCH_JSON={"epoch": 5, "epoch_seconds": 0.958890438079834, "rows_per_second": 55089.577034467395, "train_loss": 0.4701819224999501, "validation_auprc": 0.8397462960824489, "validation_auroc": 0.9382216628373203}
RISK_TRAIN_EPOCH_JSON={"epoch": 6, "epoch_seconds": 0.9654498100280762, "rows_per_second": 54715.266303518394, "train_loss": 0.4438418025294176, "validation_auprc": 0.8494462695568447, "validation_auroc": 0.9344901338018652}
RISK_TRAIN_EPOCH_JSON={"epoch": 7, "epoch_seconds": 0.939316987991333, "rows_per_second": 56237.51426471245, "train_loss": 0.423079068844135, "validation_auprc": 0.8472863827628341, "validation_auroc": 0.9332244785331352}
RISK_TRAIN_EPOCH_JSON={"epoch": 8, "epoch_seconds": 0.9698801040649414, "rows_per_second": 54465.361154498714, "train_loss": 0.4014609564955418, "validation_auprc": 0.8400874347678433, "validation_auroc": 0.9262817610487905}
RISK_TRAIN_EPOCH_JSON={"epoch": 9, "epoch_seconds": 0.9735260009765625, "rows_per_second": 54261.373235944186, "train_loss": 0.3809329645278362, "validation_auprc": 0.8361532445998172, "validation_auroc": 0.9269190093255847}
RISK_TRAIN_EPOCH_JSON={"epoch": 10, "epoch_seconds": 0.9460017681121826, "rows_per_second": 55840.10730295721, "train_loss": 0.36551036986594015, "validation_auprc": 0.8488468282874103, "validation_auroc": 0.9288772131369103}
{
  "best_epoch": 6,
  "best_validation_auprc": 0.8494462695568447,
  "model_path": "/mnt/ai/projects/simvla_isaac_risk_collection_H10_EXECUTION_20260813/models/isaac_h10_topk8_temporal_v1/model.pt",
  "model_sha256": "ad049519746913c4c2ce1a0b57fb32ad5c3395f5bce6841648c68cc94f862b38",
  "normalization_sha256": "78c934b33e0536bd7cb6b7e5b1962da32305729f602d8269d3a38422841ce050",
  "ood150_used": false,
  "results_sha256": "b185fe41dc661d51a7c1e62d769a9d8e8093287b0812fae4a52e66e5083a2049",
  "schema_version": "simvla_isaac_topk8_model_manifest_v1",
  "thresholds_sha256": "e2d4745d37ae34dd7681db8fb2e4ae09448d9bc20049c830cc267dfb4f7bcbec",
  "training_complete": true
}
